pwd
/Users/zhou/Desktop/Travail/OperatingSystem/HW1/OperatingSystem_HW1/tang/test
